StartBold Chapter 1 - Numbers EndBold
pi almost-equals 3.14159
102 plus 2,214 plus 15 equals 2,331
59 times 0 equals 0
3 minus negative 2
minus y
negative 32
Number t 2 e 4
Number number-sign F F 0 0 0 0
Number 0 x 1 5 F F plus Number 0 x 2 B 0 1 equals Number 0 x 4 1 0 0
Upper I comma UpperWord I I comma UpperWord I I I comma UpperWord I V comma Upper V period
StartFraction 22 Over 7 EndFraction equals 3 point ModifyingAbove 1 4 2 8 5 7 with bar
