StartBold Chapter 2 - Capitalization and Font Styles EndBold
d equals StartRoot left-parenthesis Upper X minus x right-parenthesis squared minus left-parenthesis Upper Y minus y right-parenthesis squared EndRoot
Read chapter Upper I − Upper V and Upper X Upper I − Upper X Upper V period
If Upper A right-arrow Upper B and Upper B right-arrow Upper C then Upper A right-arrow Upper C period
Bold left-bracket x Bold right-bracket
contour-integral Upper E dot d Bold l equals minus StartFraction d Upper Phi Upper B Over d t EndFraction
