StartBold Chapter 8 − Superscripts and Subscripts EndBold
x cubed plus 6 x squared minus x equals 30
StartFraction d squared y Over d x squared EndFraction plus left-parenthesis a x squared plus b x plus c right-parenthesis y equals 0
x SuperScript one-half
x SubScript n
x SuperScript a
x SuperScript m plus n
Upper T SubScript n minus 1 Baseline plus 5 equals 0
x SuperScript m plus n Baseline equals x SuperScript m Baseline x SuperScript n
x SuperScript a SuperSubScript n SuperScript plus a SuperSubScript n minus 1
x SuperScript a SuperSubScript b
x SubScript a SubSuperScript b
y SuperScript a SuperSuperScript b SuperSuperSubScript c Baseline not-equals y SuperScript a SuperSuperScript b SuperScript c
y SuperScript a SuperSuperSubScript c SuperSuperScript b
x SuperScript a SuperSuperScript b
x SubScript a SubSubScript b
Upper T SuperScript left-parenthesis x SuperSuperScript a SuperScript plus y SuperSuperScript b SuperScript right-parenthesis
x 1
x SubScript negative 1
x 10,000
x 1.3
4 Upper F e plus 3 Upper O 2 right-arrow 2 Upper F e 2 Upper O 3
a SubScript 2 comma 3
Upper T SubScript n 1 plus n 0
log SubScript 2 Baseline left-parenthesis x right-parenthesis equals StartFraction log SubScript 10 Baseline left-parenthesis x right-parenthesis Over log SubScript 10 Baseline left-parenthesis 2 right-parenthesis EndFraction
Upper Phi 5
natural-log x equals integral SubScript 1 SuperScript x Baseline StartFraction d t Over t EndFraction
$ n Baseline 2 equals 2 asterisk $ n plus 1 semicolon
SubScript c d SuperScript a b Baseline x SubScript e f SuperScript g h
Upper T SubScript n minus 1 SuperScript 2
x prime
f triple-prime left-parenthesis y right-parenthesis equals StartFraction d f double-prime left-parenthesis y right-parenthesis Over d y EndFraction
rho prime equals rho prime SubScript plus Baseline plus rho prime SubScript minus
x prime 10
Upper T prime SubScript n
Start 2 by 3 Matrix 1st Row 1st Column x SuperScript n 2nd Column y SuperScript n 3rd Column z SuperScript n 2nd Row 1st Column x SuperScript n plus 1 2nd Column y SuperScript n plus 1 3rd Column z SuperScript n plus 1 EndMatrix
x SubScript a Baseline SuperScript b
x SuperScript b Baseline SubScript a
log SuperScript 4 SuperScript b Baseline x
Upper T SubScript n SubScript a Baseline y
