StartBold Chapter 10 - Cancellation EndBold
StartFraction 5 x CrossOut y EndCrossOut Over 2 CrossOut y EndCrossOut EndFraction equals five-halves x
StartFraction 12 Over 18 EndFraction equals StartFraction CrossOut 12 With 2 EndCrossOut Over CrossOut 18 With 3 EndCrossOut EndFraction equals two-thirds
