StartBold Chapter 13 - Units EndBold
StartFraction 60 CrossOut mi EndCrossOut Over CrossOut hr EndCrossOut EndFraction times StartFraction 5,280 ft Over 1 CrossOut mi EndCrossOut EndFraction times StartFraction 1 CrossOut hr EndCrossOut Over 60 min EndFraction equals StartFraction 5,280 ft Over min EndFraction
1 J equals 1 kg dot m squared dot s SuperScript negative 2
m m equals 100 m cm equals StartFraction m Over 1,000 EndFraction km
1 mi almost-equals 1.6 km
1 in equals 2.54 cm
