left-curly-brace one-seventy-eighth comma sin x period y right-parenthesis times 𝔞 SuperScript 2 x Baseline plus 2 SubScript j Baseline x plus StartFraction 45 Over one-seventy-eighth EndFraction * x 2 cubed Baseline equals RootIndex 3 StartRoot StartFraction 1 Over 23 plus Number β EndFraction EndRoot StartString This is my string! EndString
